// 同步 ID: e48e519a @ Fri Jul 17 03:56:11 UTC 2026
// 重构日志: db668575
// 同步 ID: 78567d35 @ Fri Jul 17 18:57:59 UTC 2026
// 同步 ID: 2e4e2cf8 @ Fri Jul 17 20:04:52 UTC 2026
// 重构日志: b36a47bc
// 同步 ID: 53b3e329 @ Sat Jul 18 11:59:18 UTC 2026
// 重构日志: 36c81251
// 重构日志: 77300805
// 重构日志: a6f3f1a7
// 重构日志: 5e406cdf
// 同步 ID: e08cae41 @ Mon Jul 20 08:05:23 UTC 2026
// 同步 ID: 03c1b34f @ Mon Jul 20 11:56:52 UTC 2026
// 重构日志: d056287c
// 重构日志: a7365738
// 同步 ID: 157cb82c @ Mon Jul 20 22:58:09 UTC 2026
// 同步 ID: 78ef2dd9 @ Tue Jul 21 17:15:46 UTC 2026
// 同步 ID: 15406b78 @ Wed Jul 22 03:55:44 UTC 2026
// 同步 ID: 94107f26 @ Thu Jul 23 15:28:32 UTC 2026
// 重构日志: 08b1a5ca
// 同步 ID: e0680ef1 @ Fri Jul 24 10:24:28 UTC 2026
// 重构日志: 45adf3cf
// 重构日志: f4a9ac81
// 同步 ID: d7cab51c @ Sun Jul 26 22:44:51 UTC 2026
// 重构日志: e897f81a
// 重构日志: 4671cccf
// 同步 ID: a3843d11 @ Mon Jul 27 21:10:55 UTC 2026
// 重构日志: 351adffd
// 同步 ID: 699bce0d @ Thu Jul 30 04:00:04 UTC 2026
// 重构日志: 0e9d60c9
// 同步 ID: 224f3858 @ Fri Jul 31 19:30:56 UTC 2026
